namespace FSBar.Client

open System.Net.Sockets

/// <summary>
/// Thread-safe caching layer for <see cref="T:FSBar.Client.MapGrid"/> and passability data.
/// Avoids redundant engine callbacks by caching results using <see cref="T:System.Lazy`1"/> for safe concurrent access.
/// </summary>
module MapCache =

    /// <summary>
    /// Loads a <see cref="T:FSBar.Client.MapGrid"/> from the engine, caching the result.
    /// Subsequent calls return the cached grid without additional engine callbacks.
    /// </summary>
    /// <param name="stream">Active network stream to the HighBar V2 proxy.</param>
    /// <returns>The cached or newly loaded <see cref="T:FSBar.Client.MapGrid"/>.</returns>
    val fromEngine: stream: NetworkStream -> MapGrid

    /// <summary>
    /// Gets or computes a passability grid for the given movement type, caching the result.
    /// Each <see cref="T:FSBar.Client.MoveType"/> is cached independently.
    /// </summary>
    /// <param name="grid">The map grid to compute passability from.</param>
    /// <param name="moveType">The unit movement type to compute passability for.</param>
    /// <returns>A cached 2D boolean array where <c>true</c> indicates a passable cell.</returns>
    val passability: grid: MapGrid -> moveType: MoveType -> bool[,]

    /// <summary>
    /// Clears all cached map grid and passability data.
    /// Call this when starting a new game session to avoid stale data.
    /// </summary>
    val clear: unit -> unit
