namespace FSBar.Client

open System.Net.Sockets

/// <summary>
/// Terrain classification based on height and slope data.
/// Used to categorize map cells for AI decision-making.
/// </summary>
[<RequireQualifiedAccess>]
type Terrain =
    /// <summary>Traversable land with the given slope value (0.0 = flat).</summary>
    | Land of hardness: float32
    /// <summary>Water at the given depth (positive value representing depth below sea level).</summary>
    | Water of depth: float32
    /// <summary>Steep cliff with the given slope value (typically above 0.6).</summary>
    | Cliff of slope: float32

/// <summary>
/// Unit movement type for passability computation.
/// Each type has different slope and water traversal thresholds.
/// </summary>
[<RequireQualifiedAccess>]
type MoveType =
    /// <summary>Bipedal robot. Can handle moderate slopes (up to 0.8) but cannot cross water.</summary>
    | Kbot
    /// <summary>Tracked vehicle. Requires gentle slopes (up to 0.4) and cannot cross water.</summary>
    | Tank
    /// <summary>Hovercraft. Tolerates moderate slopes (up to 0.6) and can cross water.</summary>
    | Hover
    /// <summary>Naval vessel. Can only move through water cells.</summary>
    | Ship

/// <summary>
/// Bundled map data layers from the BAR engine, stored as 2D arrays.
/// Contains height, slope, resource, line-of-sight, and radar data.
/// Dimensions are in heightmap grid squares unless otherwise noted.
/// </summary>
type MapGrid =
    { /// <summary>Map width in elmos (world units). Equal to WidthHeightmap * 8.</summary>
      WidthElmos: int
      /// <summary>Map height in elmos (world units). Equal to HeightHeightmap * 8.</summary>
      HeightElmos: int
      /// <summary>Map width in heightmap grid squares.</summary>
      WidthHeightmap: int
      /// <summary>Map height in heightmap grid squares.</summary>
      HeightHeightmap: int
      /// <summary>Corners heightmap of size (WidthHeightmap+1) x (HeightHeightmap+1). Values are world-space heights.</summary>
      HeightMap: float32[,]
      /// <summary>Slope map at half heightmap resolution: (WidthHeightmap/2) x (HeightHeightmap/2). Values range from 0.0 (flat) to 1.0 (vertical).</summary>
      SlopeMap: float32[,]
      /// <summary>Resource density map at heightmap resolution. Higher values indicate richer metal deposits.</summary>
      ResourceMap: int[,]
      /// <summary>Line-of-sight map at heightmap resolution. Non-zero values indicate visible cells.</summary>
      LosMap: int[,]
      /// <summary>Radar coverage map at heightmap resolution. Non-zero values indicate radar-covered cells.</summary>
      RadarMap: int[,] }
    override ToString: unit -> string

/// <summary>
/// Functions for loading, refreshing, and querying <see cref="T:FSBar.Client.MapGrid"/> data.
/// Provides terrain classification, passability analysis, and active patterns for pattern matching.
/// </summary>
module MapGrid =

    /// <summary>
    /// Loads all map layers (height, slope, resource, LOS, radar) from the engine and assembles them
    /// into a <see cref="T:FSBar.Client.MapGrid"/> record with properly shaped 2D arrays.
    /// </summary>
    /// <param name="stream">Active network stream to the HighBar V2 proxy.</param>
    /// <returns>A fully populated <see cref="T:FSBar.Client.MapGrid"/>.</returns>
    /// <exception cref="T:System.Exception">Thrown if any layer returns empty data or has a dimension mismatch.</exception>
    val loadFromEngine: stream: NetworkStream -> MapGrid

    /// <summary>
    /// Refreshes only the line-of-sight layer from the engine, returning an updated grid.
    /// Call this each frame to get current visibility data without reloading static layers.
    /// </summary>
    /// <param name="stream">Active network stream to the HighBar V2 proxy.</param>
    /// <param name="grid">The existing map grid to update.</param>
    /// <returns>A new <see cref="T:FSBar.Client.MapGrid"/> with the LOS layer refreshed.</returns>
    val refreshLos: stream: NetworkStream -> grid: MapGrid -> MapGrid

    /// <summary>
    /// Refreshes only the radar layer from the engine, returning an updated grid.
    /// Call this each frame to get current radar coverage without reloading static layers.
    /// </summary>
    /// <param name="stream">Active network stream to the HighBar V2 proxy.</param>
    /// <param name="grid">The existing map grid to update.</param>
    /// <returns>A new <see cref="T:FSBar.Client.MapGrid"/> with the radar layer refreshed.</returns>
    val refreshRadar: stream: NetworkStream -> grid: MapGrid -> MapGrid

    /// <summary>
    /// Classifies the terrain at a heightmap grid cell based on height and slope.
    /// Cells below sea level are Water, cells with slope above 0.6 are Cliff, otherwise Land.
    /// </summary>
    /// <param name="grid">The map grid containing height and slope data.</param>
    /// <param name="x">Heightmap grid X coordinate.</param>
    /// <param name="z">Heightmap grid Z coordinate.</param>
    /// <returns>The <see cref="T:FSBar.Client.Terrain"/> classification for the cell.</returns>
    val terrainAt: grid: MapGrid -> x: int -> z: int -> Terrain

    /// <summary>
    /// Computes a boolean passability grid for the given movement type.
    /// Each cell is <c>true</c> if the movement type can traverse it, based on slope thresholds
    /// and water traversal rules: Kbot (slope &lt; 0.8, no water), Tank (slope &lt; 0.4, no water),
    /// Hover (slope &lt; 0.6, can cross water), Ship (water only).
    /// </summary>
    /// <param name="grid">The map grid containing height and slope data.</param>
    /// <param name="moveType">The unit movement type to compute passability for.</param>
    /// <returns>A 2D boolean array where <c>true</c> indicates a passable cell.</returns>
    val passability: grid: MapGrid -> moveType: MoveType -> bool[,]

    /// <summary>Active pattern that decomposes a <see cref="T:FSBar.Client.Terrain"/> value into Land, Water, or Cliff.</summary>
    /// <returns>Land with slope, Water with depth, or Cliff with slope value.</returns>
    val (|Land|Water|Cliff|) : Terrain -> Choice<float32, float32, float32>

    /// <summary>
    /// Active pattern that checks whether a heightmap cell is passable for a given movement type.
    /// Returns Passable if the cell is within bounds and traversable, Impassable otherwise.
    /// </summary>
    /// <param name="grid">The map grid containing height and slope data.</param>
    /// <param name="moveType">The unit movement type to check passability for.</param>
    /// <param name="x">Heightmap grid X coordinate.</param>
    /// <param name="z">Heightmap grid Z coordinate.</param>
    /// <returns>Passable or Impassable.</returns>
    val (|Passable|Impassable|) : grid: MapGrid -> moveType: MoveType -> x: int -> z: int -> Choice<unit, unit>
